// Jest Snapshot v1, https://goo.gl/fbAQLP

exports[`accounts tests matches snapshot 1`] = `
<Accounts
  accountTypes={
    Array [
      Object {
        "description": "ACCOUNT CASH",
        "id": "5ede4cbb0525eb78290332e4",
      },
      Object {
        "description": "CHECKING ACCOUNT",
        "id": "5ede4cc80525eb78290332e5",
      },
      Object {
        "description": "CREDIT CARD",
        "id": "5ede4cf30525eb78290332e7",
      },
      Object {
        "description": "INVESTMENT ACCOUNT",
        "id": "5fa83f9d465347404cc6aa21",
      },
      Object {
        "description": "LOANS AND MORTGAGES",
        "id": "5ede4d080525eb78290332e8",
      },
      Object {
        "description": "OTHER DEPOSIT ACCOUNTS",
        "id": "5ede4d170525eb78290332e9",
      },
      Object {
        "description": "OTHER LOAN ACCOUNTS",
        "id": "5ede4d1d0525eb78290332ea",
      },
      Object {
        "description": "SAVINGS ACCOUNT",
        "id": "5ede4cde0525eb78290332e6",
      },
    ]
  }
  accountsList={Array []}
  banks={
    Array [
      Object {
        "description": "AMERICAN EXPRESS",
        "id": "5ede4d5c0525eb78290332ec",
      },
      Object {
        "description": "BANK CASH",
        "id": "5ede4d510525eb78290332eb",
      },
      Object {
        "description": "BANK OF AMERICA",
        "id": "5ede4d680525eb78290332ed",
      },
      Object {
        "description": "CHASE BANK",
        "id": "5ede4d790525eb78290332ee",
      },
      Object {
        "description": "DISCOVER",
        "id": "5ede4d850525eb78290332ef",
      },
      Object {
        "description": "PNC BANK",
        "id": "5ede4d8d0525eb78290332f0",
      },
    ]
  }
  error=""
  getAccounts={
    [MockFunction] {
      "calls": Array [
        Array [
          "example86",
        ],
        Array [
          "example86",
        ],
      ],
      "results": Array [
        Object {
          "type": "return",
          "value": undefined,
        },
        Object {
          "type": "return",
          "value": undefined,
        },
      ],
    }
  }
  resetAlert={[MockFunction]}
  resetOnPageLeave={[MockFunction]}
  setAlert={[MockFunction]}
  success=""
>
  <styled.div
    id="accounts-body-header"
  >
    <div
      className="sc-fFGjHI gdyBHe display-card-wrapper"
      id="accounts-body-header"
    >
      <styled.div
        background="darkseagreen"
      >
        <div
          className="sc-dicizt cxzexS display-card-body"
        >
          <h4>
            Accounts
          </h4>
        </div>
      </styled.div>
    </div>
  </styled.div>
  <styled.div
    id="accounts-filter-content"
  >
    <div
      className="sc-fFGjHI gdyBHe display-card-wrapper"
      id="accounts-filter-content"
    >
      <styled.div>
        <div
          className="sc-dicizt gkQcEW display-card-body"
        >
          <styled.div
            borderBtm={true}
            fontWeight="bold"
          >
            <div
              className="sc-iVCKna fDINNh display-card-row"
              fontWeight="bold"
            >
              Account Filters
            </div>
          </styled.div>
          <div
            className="container"
          >
            <div
              className="row"
            >
              <div
                className="four columns"
              >
                <styled.div>
                  <div
                    className="sc-iVCKna fSFIhA display-card-row"
                  >
                    <Select
                      className="u-full-width"
                      id="filter-account-select-type"
                      label="Account Type"
                      onChange={[Function]}
                      options={
                        Array [
                          Object {
                            "text": "Please Select",
                            "value": "",
                          },
                          Object {
                            "text": "ACCOUNT CASH",
                            "value": "5ede4cbb0525eb78290332e4",
                          },
                          Object {
                            "text": "CHECKING ACCOUNT",
                            "value": "5ede4cc80525eb78290332e5",
                          },
                          Object {
                            "text": "CREDIT CARD",
                            "value": "5ede4cf30525eb78290332e7",
                          },
                          Object {
                            "text": "INVESTMENT ACCOUNT",
                            "value": "5fa83f9d465347404cc6aa21",
                          },
                          Object {
                            "text": "LOANS AND MORTGAGES",
                            "value": "5ede4d080525eb78290332e8",
                          },
                          Object {
                            "text": "OTHER DEPOSIT ACCOUNTS",
                            "value": "5ede4d170525eb78290332e9",
                          },
                          Object {
                            "text": "OTHER LOAN ACCOUNTS",
                            "value": "5ede4d1d0525eb78290332ea",
                          },
                          Object {
                            "text": "SAVINGS ACCOUNT",
                            "value": "5ede4cde0525eb78290332e6",
                          },
                        ]
                      }
                      value=""
                    >
                      <styled.div
                        focus={false}
                      >
                        <div
                          className="sc-ewnqHT lfPEQV select-wrapper"
                        >
                          <styled.label
                            htmlFor="filter-account-select-type"
                          >
                            <label
                              className="sc-gTRrQi"
                              htmlFor="filter-account-select-type"
                            >
                              Account Type
                            </label>
                          </styled.label>
                          <select
                            className="u-full-width"
                            id="filter-account-select-type"
                            name="filter-account-select-type"
                            onBlur={[Function]}
                            onChange={[Function]}
                            onFocus={[Function]}
                            size={0}
                            value=""
                          >
                            <Memo()
                              key=""
                              text="Please Select"
                              value=""
                            >
                              <option
                                hidden={false}
                                value=""
                              >
                                Please Select
                              </option>
                            </Memo()>
                            <Memo()
                              key="5ede4cbb0525eb78290332e4"
                              text="ACCOUNT CASH"
                              value="5ede4cbb0525eb78290332e4"
                            >
                              <option
                                hidden={false}
                                value="5ede4cbb0525eb78290332e4"
                              >
                                ACCOUNT CASH
                              </option>
                            </Memo()>
                            <Memo()
                              key="5ede4cc80525eb78290332e5"
                              text="CHECKING ACCOUNT"
                              value="5ede4cc80525eb78290332e5"
                            >
                              <option
                                hidden={false}
                                value="5ede4cc80525eb78290332e5"
                              >
                                CHECKING ACCOUNT
                              </option>
                            </Memo()>
                            <Memo()
                              key="5ede4cf30525eb78290332e7"
                              text="CREDIT CARD"
                              value="5ede4cf30525eb78290332e7"
                            >
                              <option
                                hidden={false}
                                value="5ede4cf30525eb78290332e7"
                              >
                                CREDIT CARD
                              </option>
                            </Memo()>
                            <Memo()
                              key="5fa83f9d465347404cc6aa21"
                              text="INVESTMENT ACCOUNT"
                              value="5fa83f9d465347404cc6aa21"
                            >
                              <option
                                hidden={false}
                                value="5fa83f9d465347404cc6aa21"
                              >
                                INVESTMENT ACCOUNT
                              </option>
                            </Memo()>
                            <Memo()
                              key="5ede4d080525eb78290332e8"
                              text="LOANS AND MORTGAGES"
                              value="5ede4d080525eb78290332e8"
                            >
                              <option
                                hidden={false}
                                value="5ede4d080525eb78290332e8"
                              >
                                LOANS AND MORTGAGES
                              </option>
                            </Memo()>
                            <Memo()
                              key="5ede4d170525eb78290332e9"
                              text="OTHER DEPOSIT ACCOUNTS"
                              value="5ede4d170525eb78290332e9"
                            >
                              <option
                                hidden={false}
                                value="5ede4d170525eb78290332e9"
                              >
                                OTHER DEPOSIT ACCOUNTS
                              </option>
                            </Memo()>
                            <Memo()
                              key="5ede4d1d0525eb78290332ea"
                              text="OTHER LOAN ACCOUNTS"
                              value="5ede4d1d0525eb78290332ea"
                            >
                              <option
                                hidden={false}
                                value="5ede4d1d0525eb78290332ea"
                              >
                                OTHER LOAN ACCOUNTS
                              </option>
                            </Memo()>
                            <Memo()
                              key="5ede4cde0525eb78290332e6"
                              text="SAVINGS ACCOUNT"
                              value="5ede4cde0525eb78290332e6"
                            >
                              <option
                                hidden={false}
                                value="5ede4cde0525eb78290332e6"
                              >
                                SAVINGS ACCOUNT
                              </option>
                            </Memo()>
                          </select>
                        </div>
                      </styled.div>
                    </Select>
                  </div>
                </styled.div>
              </div>
              <div
                className="four columns"
              >
                <styled.div>
                  <div
                    className="sc-iVCKna fSFIhA display-card-row"
                  >
                    <Select
                      className="u-full-width"
                      id="filter-account-select-bank"
                      label="Bank Name"
                      onChange={[Function]}
                      options={
                        Array [
                          Object {
                            "text": "Please Select",
                            "value": "",
                          },
                          Object {
                            "text": "AMERICAN EXPRESS",
                            "value": "5ede4d5c0525eb78290332ec",
                          },
                          Object {
                            "text": "BANK CASH",
                            "value": "5ede4d510525eb78290332eb",
                          },
                          Object {
                            "text": "BANK OF AMERICA",
                            "value": "5ede4d680525eb78290332ed",
                          },
                          Object {
                            "text": "CHASE BANK",
                            "value": "5ede4d790525eb78290332ee",
                          },
                          Object {
                            "text": "DISCOVER",
                            "value": "5ede4d850525eb78290332ef",
                          },
                          Object {
                            "text": "PNC BANK",
                            "value": "5ede4d8d0525eb78290332f0",
                          },
                        ]
                      }
                      value=""
                    >
                      <styled.div
                        focus={false}
                      >
                        <div
                          className="sc-ewnqHT lfPEQV select-wrapper"
                        >
                          <styled.label
                            htmlFor="filter-account-select-bank"
                          >
                            <label
                              className="sc-gTRrQi"
                              htmlFor="filter-account-select-bank"
                            >
                              Bank Name
                            </label>
                          </styled.label>
                          <select
                            className="u-full-width"
                            id="filter-account-select-bank"
                            name="filter-account-select-bank"
                            onBlur={[Function]}
                            onChange={[Function]}
                            onFocus={[Function]}
                            size={0}
                            value=""
                          >
                            <Memo()
                              key=""
                              text="Please Select"
                              value=""
                            >
                              <option
                                hidden={false}
                                value=""
                              >
                                Please Select
                              </option>
                            </Memo()>
                            <Memo()
                              key="5ede4d5c0525eb78290332ec"
                              text="AMERICAN EXPRESS"
                              value="5ede4d5c0525eb78290332ec"
                            >
                              <option
                                hidden={false}
                                value="5ede4d5c0525eb78290332ec"
                              >
                                AMERICAN EXPRESS
                              </option>
                            </Memo()>
                            <Memo()
                              key="5ede4d510525eb78290332eb"
                              text="BANK CASH"
                              value="5ede4d510525eb78290332eb"
                            >
                              <option
                                hidden={false}
                                value="5ede4d510525eb78290332eb"
                              >
                                BANK CASH
                              </option>
                            </Memo()>
                            <Memo()
                              key="5ede4d680525eb78290332ed"
                              text="BANK OF AMERICA"
                              value="5ede4d680525eb78290332ed"
                            >
                              <option
                                hidden={false}
                                value="5ede4d680525eb78290332ed"
                              >
                                BANK OF AMERICA
                              </option>
                            </Memo()>
                            <Memo()
                              key="5ede4d790525eb78290332ee"
                              text="CHASE BANK"
                              value="5ede4d790525eb78290332ee"
                            >
                              <option
                                hidden={false}
                                value="5ede4d790525eb78290332ee"
                              >
                                CHASE BANK
                              </option>
                            </Memo()>
                            <Memo()
                              key="5ede4d850525eb78290332ef"
                              text="DISCOVER"
                              value="5ede4d850525eb78290332ef"
                            >
                              <option
                                hidden={false}
                                value="5ede4d850525eb78290332ef"
                              >
                                DISCOVER
                              </option>
                            </Memo()>
                            <Memo()
                              key="5ede4d8d0525eb78290332f0"
                              text="PNC BANK"
                              value="5ede4d8d0525eb78290332f0"
                            >
                              <option
                                hidden={false}
                                value="5ede4d8d0525eb78290332f0"
                              >
                                PNC BANK
                              </option>
                            </Memo()>
                          </select>
                        </div>
                      </styled.div>
                    </Select>
                  </div>
                </styled.div>
              </div>
              <div
                className="four columns"
              >
                <styled.div>
                  <div
                    className="sc-iVCKna fSFIhA display-card-row"
                  >
                    <Select
                      className="u-full-width"
                      id="filter-account-select-status"
                      label="Account Status"
                      onChange={[Function]}
                      options={
                        Array [
                          Object {
                            "text": "Please Select",
                            "value": "",
                          },
                          Object {
                            "text": "ACTIVE",
                            "value": "ACTIVE",
                          },
                          Object {
                            "text": "CLOSED",
                            "value": "CLOSED",
                          },
                        ]
                      }
                      value=""
                    >
                      <styled.div
                        focus={false}
                      >
                        <div
                          className="sc-ewnqHT lfPEQV select-wrapper"
                        >
                          <styled.label
                            htmlFor="filter-account-select-status"
                          >
                            <label
                              className="sc-gTRrQi"
                              htmlFor="filter-account-select-status"
                            >
                              Account Status
                            </label>
                          </styled.label>
                          <select
                            className="u-full-width"
                            id="filter-account-select-status"
                            name="filter-account-select-status"
                            onBlur={[Function]}
                            onChange={[Function]}
                            onFocus={[Function]}
                            size={0}
                            value=""
                          >
                            <Memo()
                              key=""
                              text="Please Select"
                              value=""
                            >
                              <option
                                hidden={false}
                                value=""
                              >
                                Please Select
                              </option>
                            </Memo()>
                            <Memo()
                              key="ACTIVE"
                              text="ACTIVE"
                              value="ACTIVE"
                            >
                              <option
                                hidden={false}
                                value="ACTIVE"
                              >
                                ACTIVE
                              </option>
                            </Memo()>
                            <Memo()
                              key="CLOSED"
                              text="CLOSED"
                              value="CLOSED"
                            >
                              <option
                                hidden={false}
                                value="CLOSED"
                              >
                                CLOSED
                              </option>
                            </Memo()>
                          </select>
                        </div>
                      </styled.div>
                    </Select>
                  </div>
                </styled.div>
              </div>
            </div>
          </div>
          <styled.div
            borderTop={true}
          >
            <div
              className="sc-iVCKna cPlXiL display-card-row"
            >
              <HrefLink
                id="accounts-add-new-account"
                linkTo="#"
                onClick={[Function]}
                title="To Add a New Account Click Here"
              >
                <styled.a
                  href="#"
                  id="accounts-add-new-account"
                  onClick={[Function]}
                >
                  <a
                    className="sc-bgqQcB hQENut hreflink-wrapper"
                    href="#"
                    id="accounts-add-new-account"
                    onClick={[Function]}
                  >
                    To Add a New Account Click Here
                  </a>
                </styled.a>
              </HrefLink>
            </div>
          </styled.div>
        </div>
      </styled.div>
    </div>
  </styled.div>
  <Table
    data={Array []}
    exportToCsvFileName="Selected_Accounts.csv"
    footer="Number of Records: 0"
    headers={
      Array [
        "Bank Name",
        "Account Type",
        "Account Name",
        "Opening Balance",
        "Current Balance",
      ]
    }
    isExportToCsv={true}
    isSortAllowed={true}
    title="List of Accounts"
  >
    <styled.div>
      <div
        className="sc-fFGjHI gdyBHe display-card-wrapper"
      >
        <styled.div>
          <div
            className="sc-dicizt gkQcEW display-card-body"
          >
            <styled.div
              fontWeight="bold"
            >
              <div
                className="sc-iVCKna lhiroO display-card-row"
                fontWeight="bold"
              >
                List of Accounts
              </div>
            </styled.div>
            <styled.div>
              <div
                className="sc-iVCKna fSFIhA display-card-row"
              >
                <styled.div>
                  <div
                    className="sc-gxYJeL pznue table-max-width-wrapper"
                  >
                    <styled.div>
                      <div
                        className="sc-kPTPQs lhLxbL table-scroll-wrapper"
                      >
                        <styled.table>
                          <table
                            className="sc-ispOId bmqYLd table-wrapper"
                          >
                            <styled.thead>
                              <thead
                                className="sc-kcuKUB kJmmRa"
                              >
                                <styled.tr>
                                  <tr
                                    className="sc-duSInm lBjcF"
                                  >
                                    <styled.th
                                      isSortAllowed={true}
                                      key="0"
                                      onClick={[Function]}
                                    >
                                      <th
                                        className="sc-jrrXlR kzDgxC"
                                        onClick={[Function]}
                                      >
                                        Bank Name
                                      </th>
                                    </styled.th>
                                    <styled.th
                                      isSortAllowed={true}
                                      key="1"
                                      onClick={[Function]}
                                    >
                                      <th
                                        className="sc-jrrXlR kzDgxC"
                                        onClick={[Function]}
                                      >
                                        Account Type
                                      </th>
                                    </styled.th>
                                    <styled.th
                                      isSortAllowed={true}
                                      key="2"
                                      onClick={[Function]}
                                    >
                                      <th
                                        className="sc-jrrXlR kzDgxC"
                                        onClick={[Function]}
                                      >
                                        Account Name
                                      </th>
                                    </styled.th>
                                    <styled.th
                                      isSortAllowed={true}
                                      key="3"
                                      onClick={[Function]}
                                    >
                                      <th
                                        className="sc-jrrXlR kzDgxC"
                                        onClick={[Function]}
                                      >
                                        Opening Balance
                                      </th>
                                    </styled.th>
                                    <styled.th
                                      isSortAllowed={true}
                                      key="4"
                                      onClick={[Function]}
                                    >
                                      <th
                                        className="sc-jrrXlR kzDgxC"
                                        onClick={[Function]}
                                      >
                                        Current Balance
                                      </th>
                                    </styled.th>
                                  </tr>
                                </styled.tr>
                              </thead>
                            </styled.thead>
                            <styled.tbody>
                              <tbody
                                className="sc-kuWgmH"
                              >
                                <styled.tr>
                                  <tr
                                    className="sc-duSInm lBjcF"
                                  >
                                    <styled.td
                                      colSpan={100}
                                    >
                                      <td
                                        className="sc-crozmw iSpOGA"
                                        colSpan={100}
                                      />
                                    </styled.td>
                                  </tr>
                                </styled.tr>
                              </tbody>
                            </styled.tbody>
                            <styled.tfoot>
                              <tfoot
                                className="sc-dcrmVg dWSptR"
                              >
                                <styled.tr>
                                  <tr
                                    className="sc-duSInm lBjcF"
                                  >
                                    <styled.td
                                      colSpan={100}
                                    >
                                      <td
                                        className="sc-crozmw iSpOGA"
                                        colSpan={100}
                                      >
                                        Number of Records: 0
                                      </td>
                                    </styled.td>
                                  </tr>
                                </styled.tr>
                              </tfoot>
                            </styled.tfoot>
                          </table>
                        </styled.table>
                      </div>
                    </styled.div>
                    0
                  </div>
                </styled.div>
              </div>
            </styled.div>
          </div>
        </styled.div>
      </div>
    </styled.div>
  </Table>
</Accounts>
`;
